------------------------------------------------------------
Timing Analyzer Summary
------------------------------------------------------------

Type  : Slow 1100mV 85C Model Setup 'CLOCK_50'
Slack : -3.019
TNS   : -135.332

Type  : Slow 1100mV 85C Model Hold 'CLOCK_50'
Slack : 0.367
TNS   : 0.000

Type  : Slow 1100mV 85C Model Minimum Pulse Width 'CLOCK_50'
Slack : -0.394
TNS   : -26.000

Type  : Slow 1100mV 0C Model Setup 'CLOCK_50'
Slack : -3.041
TNS   : -131.216

Type  : Slow 1100mV 0C Model Hold 'CLOCK_50'
Slack : 0.367
TNS   : 0.000

Type  : Slow 1100mV 0C Model Minimum Pulse Width 'CLOCK_50'
Slack : -0.394
TNS   : -27.959

Type  : Fast 1100mV 85C Model Setup 'CLOCK_50'
Slack : -1.307
TNS   : -57.939

Type  : Fast 1100mV 85C Model Hold 'CLOCK_50'
Slack : 0.182
TNS   : 0.000

Type  : Fast 1100mV 85C Model Minimum Pulse Width 'CLOCK_50'
Slack : -0.083
TNS   : -3.959

Type  : Fast 1100mV 0C Model Setup 'CLOCK_50'
Slack : -1.141
TNS   : -48.850

Type  : Fast 1100mV 0C Model Hold 'CLOCK_50'
Slack : 0.173
TNS   : 0.000

Type  : Fast 1100mV 0C Model Minimum Pulse Width 'CLOCK_50'
Slack : -0.083
TNS   : -3.966

------------------------------------------------------------
