------------------------------------------------------------
Timing Analyzer Summary
------------------------------------------------------------

Type  : Slow 1100mV 85C Model Setup 'CLOCK_50'
Slack : -1.295
TNS   : -42.809

Type  : Slow 1100mV 85C Model Hold 'CLOCK_50'
Slack : 0.236
TNS   : 0.000

Type  : Slow 1100mV 85C Model Minimum Pulse Width 'CLOCK_50'
Slack : -0.394
TNS   : -24.334

Type  : Slow 1100mV 0C Model Setup 'CLOCK_50'
Slack : -1.294
TNS   : -40.887

Type  : Slow 1100mV 0C Model Hold 'CLOCK_50'
Slack : 0.220
TNS   : 0.000

Type  : Slow 1100mV 0C Model Minimum Pulse Width 'CLOCK_50'
Slack : -0.394
TNS   : -26.434

Type  : Fast 1100mV 85C Model Setup 'CLOCK_50'
Slack : -0.383
TNS   : -6.133

Type  : Fast 1100mV 85C Model Hold 'CLOCK_50'
Slack : 0.144
TNS   : 0.000

Type  : Fast 1100mV 85C Model Minimum Pulse Width 'CLOCK_50'
Slack : -0.079
TNS   : -3.473

Type  : Fast 1100mV 0C Model Setup 'CLOCK_50'
Slack : -0.281
TNS   : -3.555

Type  : Fast 1100mV 0C Model Hold 'CLOCK_50'
Slack : 0.130
TNS   : 0.000

Type  : Fast 1100mV 0C Model Minimum Pulse Width 'CLOCK_50'
Slack : -0.078
TNS   : -3.476

------------------------------------------------------------
